// Jest Snapshot v1, https://goo.gl/fbAQLP

exports[`Virtualizer should render children 1`] = `
<Scroller
  height={100}
  horizontalPartWidth={100}
  ignoredHorizontalParts={[]}
  onScroll={[Function]}
  virtualHeight={5000}
  virtualWidth={5000}
  width={200}
>
  <div>
    Foo
  </div>
</Scroller>
`;
