// Jest Snapshot v1, https://goo.gl/fbAQLP

exports[`Virtualizer should render children 1`] = `
<Scroller
  height={92.5}
  horizontalPartWidth={85}
  ignoredHorizontalParts={Array []}
  onScroll={[Function]}
  virtualHeight={4250}
  virtualWidth={4250}
  width={100}
>
  <div>
    Foo
  </div>
</Scroller>
`;
