// Jest Snapshot v1, https://goo.gl/fbAQLP

exports[`Virtualizer should render children 1`] = `
<Scroller
  height={100}
  horizontalPartWidth={185}
  ignoredHorizontalParts={Array []}
  onScroll={[Function]}
  virtualHeight={4265}
  virtualWidth={9265}
  width={200}
>
  <div>
    Foo
  </div>
</Scroller>
`;
